
> banjocms@1.0.0 build
> next build

Γû▓ Next.js 16.1.6 (Turbopack)
- Environments: .env.local, .env

node.exe : ΓÜá The "middleware" 
file convention is deprecated. 
Please use "proxy" instead. 
Learn more: https://nextjs.org/d
ocs/messages/middleware-to-proxy
At C:\Program 
Files\nodejs\npm.ps1:29 char:3
+   & $NODE_EXE $NPM_CLI_JS 
$args
+   
~~~~~~~~~~~~~~~~~~~~~~~~~~~~~
    + CategoryInfo          : N 
   otSpecified: (ΓÜá The "midd  
  le...leware-to-proxy:String   
 ) [], RemoteException
    + FullyQualifiedErrorId : N 
   ativeCommandError
 
  Creating an optimized production build ...

> Build error occurred
Error: Turbopack build failed 
with 1 errors:
./src/components/editor/content-
editor.tsx:17:1
Module not found: Can't resolve 
'@/components/ui/skeleton'
[0m [90m 15 |[39m 
[36mimport[39m { 
[33mContent[39m[33m,[39m [3
3mContentType[39m[33m,[39m 
[33mPlatform[39m[33m,[39m 
[33mUpdateType[39m } 
[36mfrom[39m [32m'@/lib/model
s'[39m[33m;[39m
 [90m 16 |[39m 
[36mimport[39m dynamic 
[36mfrom[39m [32m'next/dynami
c'[39m[33m;[39m
[31m[1m>[22m[39m[90m 17 
|[39m [36mimport[39m { 
[33mSkeleton[39m } 
[36mfrom[39m [32m'@/component
s/ui/skeleton'[39m[33m;[39m
 [90m    |[39m [31m[1m^[22m
[39m[31m[1m^[22m[39m[31m[
1m^[22m[39m[31m[1m^[22m[39
m[31m[1m^[22m[39m[31m[1m^
[22m[39m[31m[1m^[22m[39m[3
1m[1m^[22m[39m[31m[1m^[22m
[39m[31m[1m^[22m[39m[31m[
1m^[22m[39m[31m[1m^[22m[39
m[31m[1m^[22m[39m[31m[1m^
[22m[39m[31m[1m^[22m[39m[3
1m[1m^[22m[39m[31m[1m^[22m
[39m[31m[1m^[22m[39m[31m[
1m^[22m[39m[31m[1m^[22m[39
m[31m[1m^[22m[39m[31m[1m^
[22m[39m[31m[1m^[22m[39m[3
1m[1m^[22m[39m[31m[1m^[22m
[39m[31m[1m^[22m[39m[31m[
1m^[22m[39m[31m[1m^[22m[39
m[31m[1m^[22m[39m[31m[1m^
[22m[39m[31m[1m^[22m[39m[3
1m[1m^[22m[39m[31m[1m^[22m
[39m[31m[1m^[22m[39m[31m[
1m^[22m[39m[31m[1m^[22m[39
m[31m[1m^[22m[39m[31m[1m^
[22m[39m[31m[1m^[22m[39m[3
1m[1m^[22m[39m[31m[1m^[22m
[39m[31m[1m^[22m[39m[31m[
1m^[22m[39m[31m[1m^[22m[39
m[31m[1m^[22m[39m[31m[1m^
[22m[39m[31m[1m^[22m[39m[3
1m[1m^[22m[39m[31m[1m^[22m
[39m[31m[1m^[22m[39m[31m[
1m^[22m[39m[31m[1m^[22m[39
m
 [90m 18 |[39m 
[36mimport[39m { 
[33mErrorBoundary[39m } 
[36mfrom[39m [32m'./error-bou
ndary'[39m[33m;[39m
 [90m 19 |[39m
 [90m 20 |[39m 
[36mconst[39m 
[33mRichEditor[39m 
[33m=[39m dynamic(() 
[33m=>[39m [36mimport[39m([
32m'./rich-editor'[39m)[33m.[
39mthen(mod [33m=>[39m mod[33
m.[39m[33mRichEditor[39m)[33
m,[39m { [0m

Import map: aliased to relative 
'./src/components/ui/skeleton' 
inside of [project]/


Import traces:
  Client Component Browser:
    ./src/components/editor/cont
ent-editor.tsx [Client 
Component Browser]
    ./src/app/admin/blog/new/pag
e.tsx [Client Component Browser]
    ./src/app/admin/blog/new/pag
e.tsx [Server Component]

  Client Component SSR:
    ./src/components/editor/cont
ent-editor.tsx [Client 
Component SSR]
    ./src/app/admin/blog/new/pag
e.tsx [Client Component SSR]
    ./src/app/admin/blog/new/pag
e.tsx [Server Component]

https://nextjs.org/docs/messages
/module-not-found


    at <unknown> (./src/componen
ts/editor/content-editor.tsx:17:
1)
    at <unknown> (https://nextjs
.org/docs/messages/module-not-fo
und)
